ac-adapter-symbolic
accessories-calculator-symbolic
accessories-character-map-symbolic
accessories-dictionary-symbolic
accessories-text-editor-symbolic
action-unavailable-symbolic
add-files-to-archive-symbolic
add-folder-to-archive-symbolic
address-book-new-symbolic
airplane-mode-symbolic
alarm-symbolic
app-launcher-symbolic
gnome-screenshot-symbolic
application-certificate-symbolic
application-exit-symbolic
application-rss+xml-symbolic
application-x-addon-symbolic
application-x-appliance-symbolic
application-x-executable-symbolic
applications-engineering-symbolic
applications-games-symbolic
applications-graphics-symbolic
applications-multimedia-symbolic
applications-science-symbolic
applications-system-symbolic
applications-utilities-symbolic
appointment-missed-symbolic
appointment-new-symbolic
appointment-soon-symbolic
audio-card-symbolic
audio-headphones-symbolic
audio-headset-symbolic
audio-input-microphone-symbolic
audio-speakers-symbolic
audio-volume-high-symbolic
audio-volume-low-symbolic
audio-volume-medium-symbolic
audio-volume-muted-blocked-panel-symbolic
audio-volume-muted-symbolic
audio-volume-off-symbolic
audio-x-generic-symbolic
avatar-default-symbolic
battery-caution-charging-symbolic
battery-caution-symbolic
battery-empty-charging-symbolic
battery-empty-symbolic
battery-full-charged-symbolic
battery-full-charging-symbolic
battery-full-symbolic
battery-good-charging-symbolic
battery-good-symbolic
battery-low-charging-symbolic
battery-low-symbolic
battery-missing-symbolic
battery-symbolic
bluetooth-active-symbolic
bluetooth-disabled-symbolic
bluetooth-paired-symbolic
bluetooth-symbolic
bookmark-new-symbolic
call-missed-symbolic
call-start-symbolic
call-stop-symbolic
camera-photo-symbolic
camera-video-symbolic
camera-web-symbolic
caps-lock-off-symbolic
caps-lock-symbolic
changes-allow-symbolic
changes-prevent-symbolic
channel-insecure-symbolic
channel-secure-symbolic
clock-symbolic
collapse-menu-hover-symbolic
collapse-menu-symbolic
gtk-select-color-symbolic
colorimeter-colorhug-symbolic
computer-apple-ipad-symbolic
computer-fail-symbolic
computer-symbolic
contact-new-symbolic
content-loading-symbolic
dialog-apply-symbolic
dialog-error-symbolic
dialog-information-symbolic
dialog-ok-symbolic
dialog-password-symbolic
dialog-question-symbolic
dialog-warning-symbolic
display-brightness-symbolic
display-projector-symbolic
document-edit-symbolic
document-export-symbolic
document-import-symbolic
document-new-symbolic
document-open-recent-symbolic
document-open-symbolic
document-page-setup-symbolic
document-print-preview-symbolic
document-print-symbolic
document-properties-symbolic
document-revert-symbolic
document-revert-symbolic-rtl
document-save-all-symbolic
document-save-as-symbolic
document-save-symbolic
document-send-symbolic
drive-harddisk-ieee1394-symbolic
drive-harddisk-solidstate-symbolic
drive-harddisk-symbolic
drive-harddisk-system-symbolic
drive-harddisk-usb-symbolic
drive-multidisk-symbolic
drive-optical-symbolic
drive-removable-media-symbolic
edit-clear-all-symbolic
edit-clear-symbolic
edit-clear-symbolic-rtl
edit-copy-symbolic
edit-cut-symbolic
edit-delete-symbolic
edit-find-replace-symbolic
edit-find-symbolic
edit-paste-symbolic
edit-redo-symbolic
edit-select-all-symbolic
edit-select-symbolic
edit-undo-symbolic
emblem-default-symbolic
emblem-documents-symbolic
emblem-favorite-symbolic
emblem-important-symbolic
emblem-music-symbolic
emblem-ok-symbolic
emblem-photos-symbolic
emblem-shared-symbolic
emblem-synchronizing-symbolic
emblem-system-symbolic
emblem-videos-symbolic
emote-love-symbolic
expand-menu-hover-symbolic
expand-menu-symbolic
extract-archive-symbolic
find-location-symbolic
focus-legacy-systray-symbolic
focus-top-bar-symbolic
focus-windows-symbolic
folder-copy-symbolic
folder-documents-symbolic
folder-download-symbolic
folder-drag-accept-symbolic
folder-move-symbolic
folder-music-symbolic
folder-new-symbolic
folder-open-symbolic
folder-pictures-symbolic
folder-publicshare-symbolic
folder-remote-symbolic
folder-saved-search-symbolic
folder-symbolic
folder-templates-symbolic
folder-videos-symbolic
folder-visiting-symbolic
font-select-symbolic
font-x-generic-symbolic
format-indent-less-symbolic
format-indent-more-symbolic
format-justify-center-symbolic
format-justify-fill-symbolic
format-justify-left-symbolic
format-justify-right-symbolic
format-text-bold-symbolic
format-text-direction-symbolic
format-text-direction-symbolic-rtl
format-text-italic-symbolic
format-text-strikethrough-symbolic
format-text-underline-symbolic
gnome-power-manager-symbolic
go-bottom-symbolic
go-down-symbolic
go-first-symbolic
go-home-symbolic
go-jump-symbolic
go-last-symbolic
go-next-symbolic
go-previous-symbolic
go-top-symbolic
go-up-symbolic
goa-panel-symbolic
gtk-edit-symbolic
gtk-no-symbolic
gtk-yes-symbolic
help-about-symbolic
help-browser-symbolic
help-contents-symbolic
help-faq-symbolic
ibus-keyboard-symbolic
image-loading-symbolic
image-x-generic-symbolic
inode-directory-symbolic
input-dialpad-symbolic
input-gaming-symbolic
input-keyboard-symbolic
input-mouse-symbolic
input-tablet-symbolic
input-touchpad-symbolic
insert-image-symbolic
insert-link-symbolic
insert-object-symbolic
insert-text-symbolic
internet-radio-new-symbolic
keyboard-brightness-symbolic
krb-expiring-ticket-symbolic
krb-no-valid-ticket-symbolic
krb-valid-ticket-symbolic
list-add-symbolic
list-edit-symbolic
list-remove-all-symbolic
list-remove-symbolic
location-symbolic
mail-attachment-symbolic
mail-forward-symbolic
mail-mark-important-symbolic
mail-mark-read-symbolic
mail-message-new-symbolic
mail-read-symbolic
mail-replied-symbolic
mail-reply-all-symbolic
mail-reply-sender-symbolic
mail-send-receive-symbolic
mail-send-symbolic
mail-unread-symbolic
mark-location-symbolic
media-eject-symbolic
media-flash-symbolic
media-floppy-symbolic
media-import-audio-cd-symbolic
media-optical-audio-new-symbolic
media-optical-blank-symbolic
media-optical-burn-symbolic
media-optical-copy-symbolic
media-optical-data-new-symbolic
media-optical-symbolic
media-optical-video-new-symbolic
media-playback-pause-symbolic
media-playback-start-symbolic
media-playback-start-symbolic-rtl
media-playback-stop-symbolic
media-playlist-consecutive-symbolic
media-playlist-consecutive-symbolic-rtl
media-playlist-repeat-song-symbolic
media-playlist-repeat-song-symbolic-rtl
media-playlist-repeat-symbolic
media-playlist-shuffle-symbolic
media-playlist-shuffle-symbolic-rtl
media-record-symbolic
media-removable-symbolic
media-seek-backward-symbolic
media-seek-forward-symbolic
media-skip-backward-symbolic
media-skip-forward-symbolic
media-tape-symbolic
media-view-subtitles-symbolic
media-zip-symbolic
microphone-sensitivity-high-symbolic
microphone-sensitivity-low-symbolic
microphone-sensitivity-medium-symbolic
microphone-sensitivity-muted-symbolic
modem-symbolic
multimedia-player-apple-ipod-touch-symbolic
multimedia-player-symbolic
multimedia-volume-control-symbolic
music-library-symbolic
network-cellular-3g-symbolic
network-cellular-4g-symbolic
network-cellular-acquiring-symbolic
network-cellular-connected-symbolic
network-cellular-edge-symbolic
network-cellular-gprs-symbolic
network-cellular-hspa-symbolic
network-cellular-no-route-symbolic
network-cellular-offline-symbolic
network-cellular-signal-excellent-symbolic
network-cellular-signal-good-symbolic
network-cellular-signal-none-symbolic
network-cellular-signal-ok-symbolic
network-cellular-signal-weak-symbolic
network-error-symbolic
network-idle-symbolic
network-no-route-symbolic
network-offline-symbolic
network-receive-symbolic
network-server-symbolic
network-transmit-receive-symbolic
network-transmit-symbolic
network-vpn-acquiring-symbolic
network-vpn-symbolic
network-wired-acquiring-symbolic
network-wired-disconnected-symbolic
network-wired-no-route-symbolic
network-wired-offline-symbolic
network-wired-symbolic
network-wireless-acquiring-symbolic
network-wireless-connected-symbolic
network-wireless-encrypted-symbolic
network-wireless-hotspot-symbolic
network-wireless-no-route-symbolic
network-wireless-offline-symbolic
network-wireless-signal-excellent-symbolic
network-wireless-signal-good-symbolic
network-wireless-signal-none-symbolic
network-wireless-signal-ok-symbolic
network-wireless-signal-weak-symbolic
network-wireless-symbolic
network-workgroup-symbolic
non-starred-symbolic
notification-disabled-new-symbolic
notification-disabled-symbolic
notification-new-symbolic
notification-symbolic
num-lock-off-symbolic
num-lock-symbolic
object-flip-horizontal-symbolic
object-flip-vertical-symbolic
object-rotate-left-symbolic
object-rotate-right-symbolic
object-select-symbolic
open-menu-symbolic
package-x-generic-symbolic
pan-down-symbolic
pan-end-symbolic
pan-start-symbolic
pan-up-symbolic
pda-symbolic
phone-apple-iphone-symbolic
phone-symbolic
podcast-new-symbolic
preferences-color-symbolic
preferences-desktop-accessibility-symbolic
preferences-desktop-display-symbolic
preferences-desktop-font-symbolic
preferences-desktop-keyboard-shortcuts-symbolic
preferences-desktop-locale-symbolic
preferences-desktop-remote-desktop-symbolic
preferences-desktop-screensaver-symbolic
preferences-desktop-wallpaper-symbolic
preferences-other-symbolic
preferences-system-network-proxy-symbolic
preferences-system-network-symbolic
preferences-system-notifications-symbolic
preferences-system-privacy-symbolic
preferences-system-search-symbolic
preferences-system-sharing-symbolic
preferences-system-symbolic
preferences-system-time-symbolic
printer-error-symbolic
printer-network-symbolic
printer-printing-symbolic
printer-symbolic
printer-warning-symbolic
process-stop-symbolic
rotation-allowed-symbolic
rotation-locked-symbolic
scanner-symbolic
screensaver-switch-users-symbolic
screensaver-unlock-symbolic
security-high-symbolic
security-low-symbolic
security-medium-symbolic
selection-end-symbolic
selection-start-symbolic
semi-starred-symbolic
semi-starred-symbolic-rtl
send-to-symbolic
separator-symbolic
sidebar-hide-symbolic
sidebar-places-symbolic
sidebar-show-symbolic
sidebar-tree-symbolic
software-update-available-symbolic
software-update-urgent-symbolic
spacer-symbolic
star-new-symbolic
starred-symbolic
start-here-gnome-symbolic
start-here-symbolic
system-devices-panel-alert-symbolic
system-devices-panel-informations-symbolic
system-devices-panel-symbolic
system-file-manager-symbolic
system-help-symbolic
system-hibernate-symbolic
system-lock-screen-symbolic
system-log-out-symbolic
system-restart-symbolic
system-run-symbolic
system-search-symbolic
system-shutdown-restart-panel-symbolic
system-shutdown-symbolic
system-software-install-symbolic
system-suspend-symbolic
system-switch-user-symbolic
system-upgrade-symbolic
system-users-symbolic
tab-new-symbolic
tag-new-symbolic
task-due-symbolic
task-past-due-symbolic
text-editor-symbolic
text-x-generic-symbolic
tools-check-spelling-symbolic
touchpad-disabled-symbolic
tv-symbolic
uninterruptible-power-supply-symbolic
user-available-symbolic
user-away-symbolic
user-bookmarks-symbolic
user-busy-symbolic
user-desktop-symbolic
user-home-symbolic
user-idle-symbolic
user-info-symbolic
user-invisible-symbolic
user-not-tracked-symbolic
user-offline-symbolic
user-status-pending-symbolic
user-trash-full-symbolic
user-trash-symbolic
utilities-system-monitor-symbolic
utilities-terminal-symbolic
video-display-symbolic
video-x-generic-symbolic
view-app-grid-symbolic
view-bottom-pane-symbolic
view-compact-symbolic
view-continuous-symbolic
view-dual-symbolic
view-fullscreen-symbolic
view-grid-symbolic
view-left-pane-symbolic
view-left-pane-symbolic-rtl
view-list-compact-symbolic
view-list-details-symbolic
view-list-icons-symbolic
view-list-symbolic
view-more-horizontal-symbolic
view-more-symbolic
view-paged-symbolic
view-refresh-symbolic
view-restore-symbolic
view-right-pane-symbolic
view-right-pane-symbolic-rtl
view-sort-ascending-symbolic
view-sort-descending-symbolic
view-top-pane-symbolic
view-wrapped-symbolic
view-wrapped-symbolic-rtl
visualization-symbolic
weather-clear-night-symbolic
weather-clear-symbolic
weather-few-clouds-night-symbolic
weather-few-clouds-symbolic
weather-fog-symbolic
weather-overcast-symbolic
weather-severe-alert-symbolic
weather-showers-scattered-symbolic
weather-showers-symbolic
weather-snow-symbolic
weather-storm-symbolic
web-browser-symbolic
window-close-symbolic
window-maximize-symbolic
window-minimize-symbolic
window-new-symbolic
window-restore-symbolic
workspace-switcher-symbolic
x-office-address-book-symbolic
x-office-calendar-symbolic
x-office-document-symbolic
x-office-drawing-symbolic
x-office-presentation-symbolic
x-office-spreadsheet-symbolic
xapp-search-entire-word-symbolic
xapp-search-wrap-symbolic
xapp-text-case-symbolic
xapp-use-regex-symbolic
zoom-fit-best-symbolic
zoom-fit-symbolic
zoom-in-symbolic
zoom-original-symbolic
zoom-out-symbolic
preferences-system-bluetooth
